============================= test session starts ==============================
platform linux -- Python 3.14.4, pytest-8.3.0, pluggy-1.6.0 -- /mnt/c/Users/midef/OneDrive/Desktop/Projects/easybirth/backend/.venv/bin/python
cachedir: .pytest_cache
rootdir: /mnt/c/Users/midef/OneDrive/Desktop/Projects/easybirth/backend
configfile: pyproject.toml
plugins: anyio-4.14.2
collecting ... collected 122 items

tests/unit/test_dataset_loader.py::TestLoadDataset::test_load_default_synthetic_dataset PASSED [  0%]
tests/unit/test_dataset_loader.py::TestLoadDataset::test_load_synthetic_dataset_has_required_columns PASSED [  1%]
tests/unit/test_dataset_loader.py::TestLoadDataset::test_load_dataset_from_custom_path PASSED [  2%]
tests/unit/test_dataset_loader.py::TestLoadDataset::test_load_nonexistent_file_raises_error PASSED [  3%]
tests/unit/test_dataset_loader.py::TestLoadDataset::test_load_dataset_without_validation PASSED [  4%]
tests/unit/test_dataset_loader.py::TestLoadDataset::test_load_dataset_with_validation_passes PASSED [  4%]
tests/unit/test_dataset_loader.py::TestLoadDataset::test_load_resets_index PASSED [  5%]
tests/unit/test_dataset_loader.py::TestLoadSyntheticDataset::test_load_synthetic_dataset_default PASSED [  6%]
tests/unit/test_dataset_loader.py::TestLoadSyntheticDataset::test_synthetic_dataset_no_missing_values PASSED [  7%]
tests/unit/test_dataset_loader.py::TestLoadSyntheticDataset::test_synthetic_dataset_risk_distribution PASSED [  8%]
tests/unit/test_dataset_loader.py::TestLoadSyntheticDataset::test_synthetic_dataset_age_range PASSED [  9%]
tests/unit/test_dataset_loader.py::TestLoadSyntheticDataset::test_synthetic_dataset_pregnancy_weeks PASSED [  9%]
tests/unit/test_dataset_loader.py::TestLoadSyntheticDataset::test_synthetic_dataset_bmi_range PASSED [ 10%]
tests/unit/test_dataset_loader.py::TestLoadSyntheticDataset::test_synthetic_dataset_blood_pressure_ranges PASSED [ 11%]
tests/unit/test_dataset_loader.py::TestLoadSyntheticDataset::test_synthetic_dataset_no_duplicates PASSED [ 12%]
tests/unit/test_dataset_loader.py::TestLoadSyntheticDataset::test_synthetic_dataset_reproducibility PASSED [ 13%]
tests/unit/test_dataset_loader.py::TestDatasetValidation::test_validate_empty_dataset_raises_error PASSED [ 13%]
tests/unit/test_dataset_loader.py::TestDatasetValidation::test_validate_missing_values_raises_error PASSED [ 14%]
tests/unit/test_dataset_loader.py::TestDatasetValidation::test_validate_missing_expected_columns PASSED [ 15%]
tests/unit/test_dataset_loader.py::TestDatasetValidation::test_validate_unrealistic_age_range PASSED [ 16%]
tests/unit/test_dataset_loader.py::TestDatasetValidation::test_validate_unrealistic_bmi PASSED [ 17%]
tests/unit/test_dataset_splitter.py::TestTrainValTestSplit::test_split_default_sizes PASSED [ 18%]
tests/unit/test_dataset_splitter.py::TestTrainValTestSplit::test_split_custom_sizes PASSED [ 18%]
tests/unit/test_dataset_splitter.py::TestTrainValTestSplit::test_split_no_overlap PASSED [ 19%]
tests/unit/test_dataset_splitter.py::TestTrainValTestSplit::test_split_all_rows_included PASSED [ 20%]
tests/unit/test_dataset_splitter.py::TestTrainValTestSplit::test_split_stratification_preserved PASSED [ 21%]
tests/unit/test_dataset_splitter.py::TestTrainValTestSplit::test_split_reproducibility PASSED [ 22%]
tests/unit/test_dataset_splitter.py::TestTrainValTestSplit::test_split_different_seeds_different_splits PASSED [ 22%]
tests/unit/test_dataset_splitter.py::TestTrainValTestSplit::test_split_invalid_size_sum_raises_error PASSED [ 23%]
tests/unit/test_dataset_splitter.py::TestTrainValTestSplit::test_split_negative_size_raises_error PASSED [ 24%]
tests/unit/test_dataset_splitter.py::TestTrainValTestSplit::test_split_invalid_stratify_column_raises_error PASSED [ 25%]
tests/unit/test_dataset_splitter.py::TestTrainValTestSplit::test_split_preserves_features PASSED [ 26%]
tests/unit/test_dataset_splitter.py::TestTrainValTestSplit::test_split_index_is_reset PASSED [ 27%]
tests/unit/test_dataset_splitter.py::TestDatasetSplit::test_dataset_split_properties PASSED [ 27%]
tests/unit/test_dataset_splitter.py::TestDatasetSplit::test_dataset_split_report PASSED [ 28%]
tests/unit/test_dataset_splitter.py::TestStratifiedTrainValTestSplit::test_splitter_initialization PASSED [ 29%]
tests/unit/test_dataset_splitter.py::TestStratifiedTrainValTestSplit::test_splitter_split_method PASSED [ 30%]
tests/unit/test_dataset_splitter.py::TestStratifiedTrainValTestSplit::test_splitter_reproducibility PASSED [ 31%]
tests/unit/test_feature_engineering_layers.py::TestCalculators::test_bmi_calculation_normal PASSED [ 31%]
tests/unit/test_feature_engineering_layers.py::TestCalculators::test_bmi_calculation_edge_cases PASSED [ 32%]
tests/unit/test_feature_engineering_layers.py::TestCalculators::test_bmi_invalid_height_raises_error PASSED [ 33%]
tests/unit/test_feature_engineering_layers.py::TestCalculators::test_bmi_invalid_weight_raises_error PASSED [ 34%]
tests/unit/test_feature_engineering_layers.py::TestCalculators::test_map_calculation_normal PASSED [ 35%]
tests/unit/test_feature_engineering_layers.py::TestCalculators::test_map_calculation_elevated PASSED [ 36%]
tests/unit/test_feature_engineering_layers.py::TestCalculators::test_pulse_pressure_calculation PASSED [ 36%]
tests/unit/test_feature_engineering_layers.py::TestCalculators::test_trimester_first PASSED [ 37%]
tests/unit/test_feature_engineering_layers.py::TestCalculators::test_trimester_second PASSED [ 38%]
tests/unit/test_feature_engineering_layers.py::TestCalculators::test_trimester_third PASSED [ 39%]
tests/unit/test_feature_engineering_layers.py::TestCalculators::test_age_group_teen PASSED [ 40%]
tests/unit/test_feature_engineering_layers.py::TestCalculators::test_age_group_optimal PASSED [ 40%]
tests/unit/test_feature_engineering_layers.py::TestCalculators::test_age_group_advanced PASSED [ 41%]
tests/unit/test_feature_engineering_layers.py::TestCalculators::test_bmi_category_underweight PASSED [ 42%]
tests/unit/test_feature_engineering_layers.py::TestCalculators::test_bmi_category_normal PASSED [ 43%]
tests/unit/test_feature_engineering_layers.py::TestCalculators::test_bmi_category_overweight PASSED [ 44%]
tests/unit/test_feature_engineering_layers.py::TestCalculators::test_bmi_category_obese PASSED [ 45%]
tests/unit/test_feature_engineering_layers.py::TestCalculators::test_bp_category_normal PASSED [ 45%]
tests/unit/test_feature_engineering_layers.py::TestCalculators::test_bp_category_elevated PASSED [ 46%]
tests/unit/test_feature_engineering_layers.py::TestCalculators::test_bp_category_stage1_hypertension PASSED [ 47%]
tests/unit/test_feature_engineering_layers.py::TestCalculators::test_bp_category_stage2_hypertension PASSED [ 48%]
tests/unit/test_feature_engineering_layers.py::TestCalculators::test_count_symptoms_zero PASSED [ 49%]
tests/unit/test_feature_engineering_layers.py::TestCalculators::test_count_symptoms_multiple PASSED [ 50%]
tests/unit/test_feature_engineering_layers.py::TestCalculators::test_high_risk_age_teen PASSED [ 50%]
tests/unit/test_feature_engineering_layers.py::TestCalculators::test_high_risk_age_advanced PASSED [ 51%]
tests/unit/test_feature_engineering_layers.py::TestCalculators::test_high_risk_age_optimal PASSED [ 52%]
tests/unit/test_feature_engineering_layers.py::TestCalculators::test_emergency_flag_with_bleeding PASSED [ 53%]
tests/unit/test_feature_engineering_layers.py::TestCalculators::test_emergency_flag_no_symptoms PASSED [ 54%]
tests/unit/test_feature_engineering_layers.py::TestTransformers::test_transform_bmi_category_underweight PASSED [ 54%]
tests/unit/test_feature_engineering_layers.py::TestTransformers::test_transform_bmi_category_obese PASSED [ 55%]
tests/unit/test_feature_engineering_layers.py::TestTransformers::test_transform_bp_category_normal PASSED [ 56%]
tests/unit/test_feature_engineering_layers.py::TestTransformers::test_transform_bp_category_stage2 PASSED [ 57%]
tests/unit/test_feature_engineering_layers.py::TestTransformers::test_transform_age_group_teen PASSED [ 58%]
tests/unit/test_feature_engineering_layers.py::TestTransformers::test_transform_trimester_third PASSED [ 59%]
tests/unit/test_feature_engineering_layers.py::TestValidators::test_validate_valid_input_passes PASSED [ 59%]
tests/unit/test_feature_engineering_layers.py::TestValidators::test_validate_invalid_age_raises_error PASSED [ 60%]
tests/unit/test_feature_engineering_layers.py::TestValidators::test_validate_invalid_weeks_raises_error PASSED [ 61%]
tests/unit/test_feature_engineering_layers.py::TestValidators::test_validate_invalid_height_raises_error PASSED [ 62%]
tests/unit/test_feature_engineering_layers.py::TestValidators::test_validate_invalid_weight_raises_error PASSED [ 63%]
tests/unit/test_feature_engineering_layers.py::TestValidators::test_validate_invalid_bp_raises_error PASSED [ 63%]
tests/unit/test_feature_engineering_layers.py::TestValidators::test_validate_multiple_errors_collected PASSED [ 64%]
tests/unit/test_feature_engineering_layers.py::TestEncoders::test_encode_bmi_category_int PASSED [ 65%]
tests/unit/test_feature_engineering_layers.py::TestEncoders::test_encode_bmi_category_string PASSED [ 66%]
tests/unit/test_feature_engineering_layers.py::TestEncoders::test_encode_trimester_int PASSED [ 67%]
tests/unit/test_feature_engineering_layers.py::TestEncoders::test_encode_trimester_string PASSED [ 68%]
tests/unit/test_feature_engineering_layers.py::TestEncoders::test_encode_urban_rural_int PASSED [ 68%]
tests/unit/test_feature_engineering_layers.py::TestEncoders::test_encode_urban_rural_string_urban PASSED [ 69%]
tests/unit/test_feature_engineering_layers.py::TestEncoders::test_encode_urban_rural_string_rural PASSED [ 70%]
tests/unit/test_feature_engineering_layers.py::TestFeatureEngineeringPipeline::test_pipeline_returns_dataframe PASSED [ 71%]
tests/unit/test_feature_engineering_layers.py::TestFeatureEngineeringPipeline::test_pipeline_returns_single_row PASSED [ 72%]
tests/unit/test_feature_engineering_layers.py::TestFeatureEngineeringPipeline::test_pipeline_produces_multiple_features PASSED [ 72%]
tests/unit/test_feature_engineering_layers.py::TestFeatureEngineeringPipeline::test_pipeline_includes_key_features PASSED [ 73%]
tests/unit/test_feature_engineering_layers.py::TestFeatureEngineeringPipeline::test_pipeline_rejects_invalid_input PASSED [ 74%]
tests/unit/test_feature_engineering_layers.py::TestFeatureEngineeringPipeline::test_pipeline_feature_values_reasonable PASSED [ 75%]
tests/unit/test_feature_engineering_layers.py::TestFeatureEngineeringPipeline::test_pipeline_deterministic PASSED [ 76%]
tests/unit/test_feature_engineering_layers.py::TestFeatureEngineeringPipeline::test_pipeline_with_high_risk_profile PASSED [ 77%]
tests/unit/test_feature_engineering_layers.py::TestFeatureEngineeringPipeline::test_pipeline_consistency_across_inputs PASSED [ 77%]
tests/unit/test_shared_package.py::test_feature_names_are_defined PASSED [ 78%]
tests/unit/test_shared_package.py::test_normalize_features_converts_to_float PASSED [ 79%]
tests/unit/test_shared_package.py::test_risk_label_mapping PASSED        [ 80%]
tests/unit/test_shared_package.py::test_supported_languages PASSED       [ 81%]
tests/unit/test_synthetic_data_generator.py::test_build_dataset_generates_expected_columns PASSED [ 81%]
tests/unit/test_synthetic_data_generator.py::test_validate_dataset_accepts_generated_rows PASSED [ 82%]
tests/unit/test_versioning.py::TestComputeChecksum::test_compute_checksum_from_dataframe PASSED [ 83%]
tests/unit/test_versioning.py::TestComputeChecksum::test_checksum_deterministic PASSED [ 84%]
tests/unit/test_versioning.py::TestComputeChecksum::test_checksum_different_for_different_data PASSED [ 85%]
tests/unit/test_versioning.py::TestComputeChecksum::test_compute_checksum_from_csv_file PASSED [ 86%]
tests/unit/test_versioning.py::TestComputeChecksum::test_checksum_file_deterministic PASSED [ 86%]
tests/unit/test_versioning.py::TestDatasetVersion::test_version_creation PASSED [ 87%]
tests/unit/test_versioning.py::TestDatasetVersion::test_version_to_dict PASSED [ 88%]
tests/unit/test_versioning.py::TestDatasetVersion::test_version_to_json PASSED [ 89%]
tests/unit/test_versioning.py::TestDatasetVersion::test_version_from_dict PASSED [ 90%]
tests/unit/test_versioning.py::TestDatasetVersion::test_version_with_split_info PASSED [ 90%]
tests/unit/test_versioning.py::TestDatasetVersion::test_version_with_description PASSED [ 91%]
tests/unit/test_versioning.py::TestCreateVersion::test_create_version_from_dataframe PASSED [ 92%]
tests/unit/test_versioning.py::TestCreateVersion::test_create_version_from_file PASSED [ 93%]
tests/unit/test_versioning.py::TestCreateVersion::test_create_version_with_description PASSED [ 94%]
tests/unit/test_versioning.py::TestCreateVersion::test_create_version_with_split_info PASSED [ 95%]
tests/unit/test_versioning.py::TestCreateVersion::test_create_version_timestamp_populated PASSED [ 95%]
tests/unit/test_versioning.py::TestSaveLoadVersion::test_save_version_info PASSED [ 96%]
tests/unit/test_versioning.py::TestSaveLoadVersion::test_save_creates_directory PASSED [ 97%]
tests/unit/test_versioning.py::TestSaveLoadVersion::test_load_version_info PASSED [ 98%]
tests/unit/test_versioning.py::TestSaveLoadVersion::test_load_nonexistent_file_raises_error PASSED [ 99%]
tests/unit/test_versioning.py::TestSaveLoadVersion::test_roundtrip_version PASSED [100%]

=============================== warnings summary ===============================
tests/unit/test_versioning.py::TestCreateVersion::test_create_version_from_dataframe
tests/unit/test_versioning.py::TestCreateVersion::test_create_version_from_file
tests/unit/test_versioning.py::TestCreateVersion::test_create_version_with_description
tests/unit/test_versioning.py::TestCreateVersion::test_create_version_with_split_info
tests/unit/test_versioning.py::TestCreateVersion::test_create_version_timestamp_populated
  /mnt/c/Users/midef/OneDrive/Desktop/Projects/easybirth/backend/ml/datasets/versioning.py:110: DeprecationWarning: datetime.datetime.utcnow() is deprecated and scheduled for removal in a future version. Use timezone-aware objects to represent datetimes in UTC: datetime.datetime.now(datetime.UTC).
    timestamp=datetime.utcnow().isoformat(),

-- Docs: https://docs.pytest.org/en/stable/how-to/capture-warnings.html
================== 122 passed, 5 warnings in 73.61s (0:01:13) ==================
